// Jest Snapshot v1, https://goo.gl/fbAQLP

exports[`SubmissionModal it renders 1`] = `
<div
  className="submission-modal"
>
  <hx-modal
    class=""
    open={true}
  >
    <header>
      <h1>
        Error
      </h1>
    </header>
    <hx-div>
      <p>
        Invalid Password. Please try using a more secure password.
      </p>
    </hx-div>
    <footer>
      <button
        className="hxBtn   hxPrimary"
        disabled={false}
        type="button"
      >
        <span>
          OK
        </span>
      </button>
    </footer>
  </hx-modal>
</div>
`;
